[lcdata.laicun.wang/bd/main2.html]
[backblue.gif]
[fade.gif]
[index.html]
[lcdata.laicun.wang/bd/main1.css]
[lcdata.laicun.wang/bd/images/bg.png]
[lcdata.laicun.wang/bd/js/jquery.min.js]
[lcdata.laicun.wang/bd/images/video.jpg]
[lcdata.laicun.wang/bd/js/flv.js]
[lcdata.laicun.wang/bd/images/yc.mp4]
[lcdata.laicun.wang/bd/js/apexcharts.min.js]
[lcdata.laicun.wang/bd/images/header_bg.png]
[lcdata.laicun.wang/bd/images/TB1AgnntQvoK1RjSZPfXXXPKFXa-800-86.png]
[lcdata.laicun.wang/bd/images/logo_bg.png]
[lcdata.laicun.wang/bd/images/logo.png]
[lcdata.laicun.wang/bd/images/1631257651033-Kajd4_K6.png]
[lcdata.laicun.wang/bd/images/1631257657617-R_MXZbca.png]
[lcdata.laicun.wang/bd/images/1631246080031-YiQ2TwtG.png]
[lcdata.laicun.wang/bd/images/1631246123067-QGIVBK1-.png]
[lcdata.laicun.wang/bd/images/O1CN01qSnJCV23MsyH8aEkE_!!6000000007242-2-tps-100-100.png]
[lcdata.laicun.wang/bd/images/1631246830482-3B5JZLRq.png]
[lcdata.laicun.wang/bd/images/title_bg_active.png]
[lcdata.laicun.wang/bd/images/1631246091819-7piSw1TS.png]
[lcdata.laicun.wang/bd/images/1631259492725--AfWoOR_.gif]
[lcdata.laicun.wang/bd/images/c55279d46d8a6142eb4595f760ebaf67.png]
[lcdata.laicun.wang/bd/images/1631246085778-vmUH7FUu.png]
[lcdata.laicun.wang/bd/images/TB1UffotQvoK1RjSZFwXXciCFXa-800-200.png]
[lcdata.laicun.wang/bd/images/TB16KbftSzqK1RjSZPxXXc4tVXa-800-171.png]
[lcdata.laicun.wang/bd/main2.html]
[img.alicdn.com/tfs/TB1iPy.JFGWBuNjy0FbXXb4sXXa-24-24.png]
[at.alicdn.com/t/a/font_1147153_zkya3j8wnln.css]
[lcdata.laicun.wang/bd/4ae29fd183a75c5a56f696fd48d2bb69.html]
[lcdata.laicun.wang/bd/6e3a180c3c97745057996fada0559e0f.html]
[lcdata.laicun.wang/bd/e0ffed1b1f3654c5e41ad5239ee33eaa.html]
[lcdata.laicun.wang/bd/ddbbb4b461f50bb83eaf7aeb231c5fb0.html]
[img.alicdn.com/tfs/TB1qZ7XokY2gK0jSZFgXXc5OFXa-50-28.png]
[img.alicdn.com/tfs/TB1P97Loa61gK0jSZFlXXXDKFXa-50-28.png]
[img.alicdn.com/tfs/TB17cMbobY1gK0jSZTEXXXDQVXa-50-28.png]
[img.alicdn.com/tfs/TB1EdkDoaL7gK0jSZFBXXXZZpXa-50-28.png]
[lcdata.laicun.wang/bd/main1.css]
[lcdata.laicun.wang/bd/images/1631257165971-cVmfWobZ.svg]
[at.alicdn.com/t/a/font_1147153_zkya3j8wnln85ad.woff2]
[at.alicdn.com/t/a/font_1147153_zkya3j8wnln85ad.woff]
[at.alicdn.com/t/a/font_1147153_zkya3j8wnln85ad.ttf]
[at.alicdn.com/t/a/font_1147153_zkya3j8wnln.css]
[lcdata.laicun.wang/js/about.fb34f82e.js]
[lcdata.laicun.wang/css/app.16ac810f.css]
[lcdata.laicun.wang/css/chunk-vendors.cd553bf5.css]
[lcdata.laicun.wang/bd/4ae29fd183a75c5a56f696fd48d2bb69.html]
[lcdata.laicun.wang/bd/6e3a180c3c97745057996fada0559e0f.html]
[lcdata.laicun.wang/bd/e0ffed1b1f3654c5e41ad5239ee33eaa.html]
[lcdata.laicun.wang/bd/ddbbb4b461f50bb83eaf7aeb231c5fb0.html]
[lcdata.laicun.wang/img/head_bg.eeff3da5.png]
[lcdata.laicun.wang/img/pg.f9f9dcd5.png]
[lcdata.laicun.wang/img/bg.a6333996.jpg]
[lcdata.laicun.wang/img/sp.939b5ce3.jpg]
[lcdata.laicun.wang/img/bg3.3c1cd2e4.jpg]
[lcdata.laicun.wang/img/bg_top.db952a2a.png]
[lcdata.laicun.wang/img/zmd_bg.d695b085.jpg]
[lcdata.laicun.wang/js/app.5c0cb665.js]
[lcdata.laicun.wang/img/top_title.33069ade.png]
[lcdata.laicun.wang/css/app.16ac810f.css]
[lcdata.laicun.wang/css/chunk-vendors.cd553bf5.css]
[lcdata.laicun.wang/js/chunk-vendors.598e17f7.js]
